***************************************************
*_________P______________*++++++++++++++++++$+++++*
*__@__________________@__*+++++++++++++++++++++M++*
*______^^^^^^^^^^^_______*++++++++++++++++++++++++*
*______^^^^^^^^^^^^^^^___!++++++++++++++++++++++++*
*__@___^^^^^^^^^^^^^^^*****************************
*______^^^^^^^*****************
*_____________________________*
*____@________________________****
*___________________._____________*
*_______.@.___________________..__****************
*____________________________....________________*
*________.___.______@________....______^^^^^^^^^^*
*_____________________________.._______^^^^^^^^^^*
*_____.________________________________^^^^^^^^^^*
*-----------~~~~~~~~~~~~~~~~~~~~~~~~~~~***********
*-----@-----*~~~~~~~~~~~~~~~~~~~~~~~~~~*
*------------*~~~~~~~~~~~~~~~~~~~~~~~~~********************
*-----^^-----*~~~~~~~~~~~~~~~~~~~~~~~~~~~~----@-----~~~~~~*
*----~~~~-----*~~~~~~~~~~~~~~~~~~~~~~~~~------@-----------*
*----^^^^---@-----~~~~--------------~-----~~~~~~~~~~-----|*
*----^^^^-----------~------@-------------~~~~~~~~~~-------*
*-----^^----------------------------------~~~~~~~~~-------*
***********************************************************